[0.499s] Invoking command in '/home/liu/sim_ws/src/mjcsim': CONDA_PROMPT_MODIFIER=(mujoco) PYTHONPATH=/home/liu/sim_ws/build/mjcsim/prefix_override:/usr/lib/python3/dist-packages/colcon_core/task/python/colcon_distutils_commands:/home/liu/sim_ws/install/mjcsim/lib/python3.10/site-packages:${PYTHONPATH} /usr/bin/python3 -W ignore:setup.py install is deprecated -W ignore:easy_install command is deprecated setup.py egg_info --egg-base ../../build/mjcsim build --build-base /home/liu/sim_ws/build/mjcsim/build install --record /home/liu/sim_ws/build/mjcsim/install.log --single-version-externally-managed
[0.634s] running egg_info
[0.635s] creating ../../build/mjcsim/mjcsim.egg-info
[0.635s] writing ../../build/mjcsim/mjcsim.egg-info/PKG-INFO
[0.635s] writing dependency_links to ../../build/mjcsim/mjcsim.egg-info/dependency_links.txt
[0.635s] writing entry points to ../../build/mjcsim/mjcsim.egg-info/entry_points.txt
[0.635s] writing requirements to ../../build/mjcsim/mjcsim.egg-info/requires.txt
[0.635s] writing top-level names to ../../build/mjcsim/mjcsim.egg-info/top_level.txt
[0.635s] writing manifest file '../../build/mjcsim/mjcsim.egg-info/SOURCES.txt'
[0.636s] reading manifest file '../../build/mjcsim/mjcsim.egg-info/SOURCES.txt'
[0.636s] adding license file 'LICENSE'
[0.636s] writing manifest file '../../build/mjcsim/mjcsim.egg-info/SOURCES.txt'
[0.636s] running build
[0.636s] running build_py
[0.636s] creating /home/liu/sim_ws/build/mjcsim/build
[0.636s] creating /home/liu/sim_ws/build/mjcsim/build/lib
[0.636s] creating /home/liu/sim_ws/build/mjcsim/build/lib/mjcsim
[0.636s] copying python/mjcsim/env.py -> /home/liu/sim_ws/build/mjcsim/build/lib/mjcsim
[0.636s] copying python/mjcsim/joint_controller.py -> /home/liu/sim_ws/build/mjcsim/build/lib/mjcsim
[0.636s] copying python/mjcsim/__init__.py -> /home/liu/sim_ws/build/mjcsim/build/lib/mjcsim
[0.636s] copying python/mjcsim/sim_robot_interface.py -> /home/liu/sim_ws/build/mjcsim/build/lib/mjcsim
[0.636s] copying python/mjcsim/sim_robot_setting.py -> /home/liu/sim_ws/build/mjcsim/build/lib/mjcsim
[0.637s] running install
[0.637s] running install_lib
[0.637s] creating /home/liu/sim_ws/install/mjcsim/lib/python3.10/site-packages/mjcsim
[0.637s] copying /home/liu/sim_ws/build/mjcsim/build/lib/mjcsim/env.py -> /home/liu/sim_ws/install/mjcsim/lib/python3.10/site-packages/mjcsim
[0.637s] copying /home/liu/sim_ws/build/mjcsim/build/lib/mjcsim/joint_controller.py -> /home/liu/sim_ws/install/mjcsim/lib/python3.10/site-packages/mjcsim
[0.637s] copying /home/liu/sim_ws/build/mjcsim/build/lib/mjcsim/__init__.py -> /home/liu/sim_ws/install/mjcsim/lib/python3.10/site-packages/mjcsim
[0.637s] copying /home/liu/sim_ws/build/mjcsim/build/lib/mjcsim/sim_robot_interface.py -> /home/liu/sim_ws/install/mjcsim/lib/python3.10/site-packages/mjcsim
[0.637s] copying /home/liu/sim_ws/build/mjcsim/build/lib/mjcsim/sim_robot_setting.py -> /home/liu/sim_ws/install/mjcsim/lib/python3.10/site-packages/mjcsim
[0.638s] byte-compiling /home/liu/sim_ws/install/mjcsim/lib/python3.10/site-packages/mjcsim/env.py to env.cpython-310.pyc
[0.638s] byte-compiling /home/liu/sim_ws/install/mjcsim/lib/python3.10/site-packages/mjcsim/joint_controller.py to joint_controller.cpython-310.pyc
[0.639s] byte-compiling /home/liu/sim_ws/install/mjcsim/lib/python3.10/site-packages/mjcsim/__init__.py to __init__.cpython-310.pyc
[0.639s] byte-compiling /home/liu/sim_ws/install/mjcsim/lib/python3.10/site-packages/mjcsim/sim_robot_interface.py to sim_robot_interface.cpython-310.pyc
[0.641s] byte-compiling /home/liu/sim_ws/install/mjcsim/lib/python3.10/site-packages/mjcsim/sim_robot_setting.py to sim_robot_setting.cpython-310.pyc
[0.641s] running install_egg_info
[0.642s] Copying ../../build/mjcsim/mjcsim.egg-info to /home/liu/sim_ws/install/mjcsim/lib/python3.10/site-packages/mjcsim-1.0.0-py3.10.egg-info
[0.642s] running install_scripts
[0.656s] writing list of installed files to '/home/liu/sim_ws/build/mjcsim/install.log'
[0.669s] Invoked command in '/home/liu/sim_ws/src/mjcsim' returned '0': CONDA_PROMPT_MODIFIER=(mujoco) PYTHONPATH=/home/liu/sim_ws/build/mjcsim/prefix_override:/usr/lib/python3/dist-packages/colcon_core/task/python/colcon_distutils_commands:/home/liu/sim_ws/install/mjcsim/lib/python3.10/site-packages:${PYTHONPATH} /usr/bin/python3 -W ignore:setup.py install is deprecated -W ignore:easy_install command is deprecated setup.py egg_info --egg-base ../../build/mjcsim build --build-base /home/liu/sim_ws/build/mjcsim/build install --record /home/liu/sim_ws/build/mjcsim/install.log --single-version-externally-managed
