running egg_info
creating ../../build/commutils/commutils.egg-info
writing ../../build/commutils/commutils.egg-info/PKG-INFO
writing dependency_links to ../../build/commutils/commutils.egg-info/dependency_links.txt
writing entry points to ../../build/commutils/commutils.egg-info/entry_points.txt
writing requirements to ../../build/commutils/commutils.egg-info/requires.txt
writing top-level names to ../../build/commutils/commutils.egg-info/top_level.txt
writing manifest file '../../build/commutils/commutils.egg-info/SOURCES.txt'
reading manifest file '../../build/commutils/commutils.egg-info/SOURCES.txt'
adding license file 'LICENSE'
writing manifest file '../../build/commutils/commutils.egg-info/SOURCES.txt'
running build
running build_py
creating /home/liu/sim_ws/build/commutils/build
creating /home/liu/sim_ws/build/commutils/build/lib
creating /home/liu/sim_ws/build/commutils/build/lib/commutils
copying python/commutils/yaml_parser.py -> /home/liu/sim_ws/build/commutils/build/lib/commutils
copying python/commutils/__init__.py -> /home/liu/sim_ws/build/commutils/build/lib/commutils
running install
running install_lib
creating /home/liu/sim_ws/install/commutils/lib/python3.10/site-packages/commutils
copying /home/liu/sim_ws/build/commutils/build/lib/commutils/yaml_parser.py -> /home/liu/sim_ws/install/commutils/lib/python3.10/site-packages/commutils
copying /home/liu/sim_ws/build/commutils/build/lib/commutils/__init__.py -> /home/liu/sim_ws/install/commutils/lib/python3.10/site-packages/commutils
byte-compiling /home/liu/sim_ws/install/commutils/lib/python3.10/site-packages/commutils/yaml_parser.py to yaml_parser.cpython-310.pyc
byte-compiling /home/liu/sim_ws/install/commutils/lib/python3.10/site-packages/commutils/__init__.py to __init__.cpython-310.pyc
running install_egg_info
Copying ../../build/commutils/commutils.egg-info to /home/liu/sim_ws/install/commutils/lib/python3.10/site-packages/commutils-1.0.0-py3.10.egg-info
running install_scripts
writing list of installed files to '/home/liu/sim_ws/build/commutils/install.log'
