[0.351s] Invoking command in '/home/liu/sim_ws/src/commutils': CONDA_PROMPT_MODIFIER=(mujoco) PYTHONPATH=/home/liu/sim_ws/build/commutils/prefix_override:/usr/lib/python3/dist-packages/colcon_core/task/python/colcon_distutils_commands:/home/liu/sim_ws/install/commutils/lib/python3.10/site-packages:${PYTHONPATH} /usr/bin/python3 -W ignore:setup.py install is deprecated -W ignore:easy_install command is deprecated setup.py egg_info --egg-base ../../build/commutils build --build-base /home/liu/sim_ws/build/commutils/build install --record /home/liu/sim_ws/build/commutils/install.log --single-version-externally-managed
[0.485s] running egg_info
[0.485s] creating ../../build/commutils/commutils.egg-info
[0.486s] writing ../../build/commutils/commutils.egg-info/PKG-INFO
[0.486s] writing dependency_links to ../../build/commutils/commutils.egg-info/dependency_links.txt
[0.486s] writing entry points to ../../build/commutils/commutils.egg-info/entry_points.txt
[0.486s] writing requirements to ../../build/commutils/commutils.egg-info/requires.txt
[0.486s] writing top-level names to ../../build/commutils/commutils.egg-info/top_level.txt
[0.486s] writing manifest file '../../build/commutils/commutils.egg-info/SOURCES.txt'
[0.487s] reading manifest file '../../build/commutils/commutils.egg-info/SOURCES.txt'
[0.487s] adding license file 'LICENSE'
[0.487s] writing manifest file '../../build/commutils/commutils.egg-info/SOURCES.txt'
[0.487s] running build
[0.487s] running build_py
[0.487s] creating /home/liu/sim_ws/build/commutils/build
[0.487s] creating /home/liu/sim_ws/build/commutils/build/lib
[0.488s] creating /home/liu/sim_ws/build/commutils/build/lib/commutils
[0.488s] copying python/commutils/yaml_parser.py -> /home/liu/sim_ws/build/commutils/build/lib/commutils
[0.488s] copying python/commutils/__init__.py -> /home/liu/sim_ws/build/commutils/build/lib/commutils
[0.488s] running install
[0.488s] running install_lib
[0.489s] creating /home/liu/sim_ws/install/commutils/lib/python3.10/site-packages/commutils
[0.489s] copying /home/liu/sim_ws/build/commutils/build/lib/commutils/yaml_parser.py -> /home/liu/sim_ws/install/commutils/lib/python3.10/site-packages/commutils
[0.489s] copying /home/liu/sim_ws/build/commutils/build/lib/commutils/__init__.py -> /home/liu/sim_ws/install/commutils/lib/python3.10/site-packages/commutils
[0.489s] byte-compiling /home/liu/sim_ws/install/commutils/lib/python3.10/site-packages/commutils/yaml_parser.py to yaml_parser.cpython-310.pyc
[0.490s] byte-compiling /home/liu/sim_ws/install/commutils/lib/python3.10/site-packages/commutils/__init__.py to __init__.cpython-310.pyc
[0.490s] running install_egg_info
[0.491s] Copying ../../build/commutils/commutils.egg-info to /home/liu/sim_ws/install/commutils/lib/python3.10/site-packages/commutils-1.0.0-py3.10.egg-info
[0.491s] running install_scripts
[0.505s] writing list of installed files to '/home/liu/sim_ws/build/commutils/install.log'
[0.519s] Invoked command in '/home/liu/sim_ws/src/commutils' returned '0': CONDA_PROMPT_MODIFIER=(mujoco) PYTHONPATH=/home/liu/sim_ws/build/commutils/prefix_override:/usr/lib/python3/dist-packages/colcon_core/task/python/colcon_distutils_commands:/home/liu/sim_ws/install/commutils/lib/python3.10/site-packages:${PYTHONPATH} /usr/bin/python3 -W ignore:setup.py install is deprecated -W ignore:easy_install command is deprecated setup.py egg_info --egg-base ../../build/commutils build --build-base /home/liu/sim_ws/build/commutils/build install --record /home/liu/sim_ws/build/commutils/install.log --single-version-externally-managed
