[0.143s] Invoking command in '/home/liu/sim_ws/build/legarm_wbc': CONDA_PROMPT_MODIFIER=(mujoco) /usr/bin/cmake /home/liu/sim_ws/src/legarm_wbc -DCMAKE_INSTALL_PREFIX=/home/liu/sim_ws/install/legarm_wbc
[0.173s] -- The C compiler identification is GNU 11.4.0
[0.206s] -- The CXX compiler identification is GNU 11.4.0
[0.211s] -- Detecting C compiler ABI info
[0.248s] -- Detecting C compiler ABI info - done
[0.253s] -- Check for working C compiler: /usr/bin/cc - skipped
[0.253s] -- Detecting C compile features
[0.253s] -- Detecting C compile features - done
[0.255s] -- Detecting CXX compiler ABI info
[0.302s] -- Detecting CXX compiler ABI info - done
[0.308s] -- Check for working CXX compiler: /usr/bin/c++ - skipped
[0.308s] -- Detecting CXX compile features
[0.308s] -- Detecting CXX compile features - done
[0.429s] -- Found Python: /usr/bin/python3.10 (found version "3.10.12") found components: Interpreter 
[0.443s] <string>:1: DeprecationWarning: The distutils package is deprecated and slated for removal in Python 3.12. Use setuptools or check PEP 632 for potential alternatives
[0.444s] <string>:1: DeprecationWarning: The distutils.sysconfig module is deprecated, use sysconfig instead
[0.446s] -- Configuring done
[0.447s] -- Generating done
[0.447s] -- Build files have been written to: /home/liu/sim_ws/build/legarm_wbc
[0.449s] Invoked command in '/home/liu/sim_ws/build/legarm_wbc' returned '0': CONDA_PROMPT_MODIFIER=(mujoco) /usr/bin/cmake /home/liu/sim_ws/src/legarm_wbc -DCMAKE_INSTALL_PREFIX=/home/liu/sim_ws/install/legarm_wbc
[0.450s] Invoking command in '/home/liu/sim_ws/build/legarm_wbc': CONDA_PROMPT_MODIFIER=(mujoco) /usr/bin/cmake --build /home/liu/sim_ws/build/legarm_wbc -- -j12 -l12
[0.470s] Invoked command in '/home/liu/sim_ws/build/legarm_wbc' returned '0': CONDA_PROMPT_MODIFIER=(mujoco) /usr/bin/cmake --build /home/liu/sim_ws/build/legarm_wbc -- -j12 -l12
[0.475s] Invoking command in '/home/liu/sim_ws/build/legarm_wbc': CONDA_PROMPT_MODIFIER=(mujoco) /usr/bin/cmake --install /home/liu/sim_ws/build/legarm_wbc
[0.479s] -- Install configuration: ""
[0.479s] -- Installing: /home/liu/sim_ws/install/legarm_wbc/lib/python3.10/site-packages/legarm_wbc
[0.479s] -- Installing: /home/liu/sim_ws/install/legarm_wbc/lib/python3.10/site-packages/legarm_wbc/controller_setting.py
[0.479s] -- Installing: /home/liu/sim_ws/install/legarm_wbc/lib/python3.10/site-packages/legarm_wbc/robot_wrapper.py
[0.479s] -- Installing: /home/liu/sim_ws/install/legarm_wbc/lib/python3.10/site-packages/legarm_wbc/hqp_data.py
[0.479s] -- Installing: /home/liu/sim_ws/install/legarm_wbc/lib/python3.10/site-packages/legarm_wbc/__init__.py
[0.479s] -- Installing: /home/liu/sim_ws/install/legarm_wbc/lib/python3.10/site-packages/legarm_wbc/command.py
[0.479s] -- Installing: /home/liu/sim_ws/install/legarm_wbc/lib/python3.10/site-packages/legarm_wbc/whole_body_controller.py
[0.479s] -- Installing: /home/liu/sim_ws/install/legarm_wbc/lib/python3.10/site-packages/legarm_wbc/hqp_solver.py
[0.479s] -- Installing: /home/liu/sim_ws/install/legarm_wbc/lib/python3.10/site-packages/legarm_wbc/geometry.py
[0.480s] Invoked command in '/home/liu/sim_ws/build/legarm_wbc' returned '0': CONDA_PROMPT_MODIFIER=(mujoco) /usr/bin/cmake --install /home/liu/sim_ws/build/legarm_wbc
