[0.497s] Invoking command in '/home/liu/sim_ws/src/commutils': CONDA_PROMPT_MODIFIER=(mujoco) PYTHONPATH=/home/liu/sim_ws/build/commutils/prefix_override:/usr/lib/python3/dist-packages/colcon_core/task/python/colcon_distutils_commands:/home/liu/sim_ws/install/commutils/lib/python3.10/site-packages:${PYTHONPATH} /usr/bin/python3 -W ignore:setup.py install is deprecated -W ignore:easy_install command is deprecated setup.py egg_info --egg-base ../../build/commutils build --build-base /home/liu/sim_ws/build/commutils/build install --record /home/liu/sim_ws/build/commutils/install.log --single-version-externally-managed
[0.630s] running egg_info
[0.630s] writing ../../build/commutils/commutils.egg-info/PKG-INFO
[0.630s] writing dependency_links to ../../build/commutils/commutils.egg-info/dependency_links.txt
[0.630s] writing entry points to ../../build/commutils/commutils.egg-info/entry_points.txt
[0.631s] writing requirements to ../../build/commutils/commutils.egg-info/requires.txt
[0.631s] writing top-level names to ../../build/commutils/commutils.egg-info/top_level.txt
[0.631s] reading manifest file '../../build/commutils/commutils.egg-info/SOURCES.txt'
[0.632s] adding license file 'LICENSE'
[0.632s] writing manifest file '../../build/commutils/commutils.egg-info/SOURCES.txt'
[0.632s] running build
[0.632s] running build_py
[0.632s] running install
[0.632s] running install_lib
[0.633s] running install_egg_info
[0.635s] removing '/home/liu/sim_ws/install/commutils/lib/python3.10/site-packages/commutils-1.0.0-py3.10.egg-info' (and everything under it)
[0.635s] Copying ../../build/commutils/commutils.egg-info to /home/liu/sim_ws/install/commutils/lib/python3.10/site-packages/commutils-1.0.0-py3.10.egg-info
[0.635s] running install_scripts
[0.648s] writing list of installed files to '/home/liu/sim_ws/build/commutils/install.log'
[0.663s] Invoked command in '/home/liu/sim_ws/src/commutils' returned '0': CONDA_PROMPT_MODIFIER=(mujoco) PYTHONPATH=/home/liu/sim_ws/build/commutils/prefix_override:/usr/lib/python3/dist-packages/colcon_core/task/python/colcon_distutils_commands:/home/liu/sim_ws/install/commutils/lib/python3.10/site-packages:${PYTHONPATH} /usr/bin/python3 -W ignore:setup.py install is deprecated -W ignore:easy_install command is deprecated setup.py egg_info --egg-base ../../build/commutils build --build-base /home/liu/sim_ws/build/commutils/build install --record /home/liu/sim_ws/build/commutils/install.log --single-version-externally-managed
